Archive member included because of file (symbol)

d:/imt_sdk_win_64/winavr/bin/../lib/gcc/avr/4.3.3/avr5\libgcc.a(_udivmodqi4.o)
                              ./MCAL/DIO/DIO.o (__udivmodqi4)
d:/imt_sdk_win_64/winavr/bin/../lib/gcc/avr/4.3.3/avr5\libgcc.a(_exit.o)
                              d:/imt_sdk_win_64/winavr/bin/../lib/gcc/avr/4.3.3/../../../../avr/lib/avr5/crtm32.o (exit)
d:/imt_sdk_win_64/winavr/bin/../lib/gcc/avr/4.3.3/avr5\libgcc.a(_copy_data.o)
                              ./HAL/SEVEN_SEGMENT/SEV.o (__do_copy_data)

Memory Configuration

Name             Origin             Length             Attributes
text             0x00000000         0x00020000         xr
data             0x00800060         0x0000ffa0         rw !x
eeprom           0x00810000         0x00010000         rw !x
fuse             0x00820000         0x00000400         rw !x
lock             0x00830000         0x00000400         rw !x
signature        0x00840000         0x00000400         rw !x
*default*        0x00000000         0xffffffff

Linker script and memory map

LOAD d:/imt_sdk_win_64/winavr/bin/../lib/gcc/avr/4.3.3/../../../../avr/lib/avr5/crtm32.o
LOAD ./MCAL/GIE/GIE_prog.o
LOAD ./MCAL/DIO/DIO.o
LOAD ./HAL/Stepper/STPR.o
LOAD ./HAL/SEVEN_SEGMENT/SEV.o
LOAD ./HAL/SEVEN_SEGMENT/SEV_cfg.o
LOAD ./APP/Test.o
LOAD ./APP/TestStepper.o
LOAD d:/imt_sdk_win_64/winavr/bin/../lib/gcc/avr/4.3.3/avr5\libgcc.a
LOAD d:/imt_sdk_win_64/winavr/bin/../lib/gcc/avr/4.3.3/../../../../avr/lib/avr5\libc.a
LOAD d:/imt_sdk_win_64/winavr/bin/../lib/gcc/avr/4.3.3/avr5\libgcc.a

.hash
 *(.hash)

.dynsym
 *(.dynsym)

.dynstr
 *(.dynstr)

.gnu.version
 *(.gnu.version)

.gnu.version_d
 *(.gnu.version_d)

.gnu.version_r
 *(.gnu.version_r)

.rel.init
 *(.rel.init)

.rela.init
 *(.rela.init)

.rel.text
 *(.rel.text)
 *(.rel.text.*)
 *(.rel.gnu.linkonce.t*)

.rela.text
 *(.rela.text)
 *(.rela.text.*)
 *(.rela.gnu.linkonce.t*)

.rel.fini
 *(.rel.fini)

.rela.fini
 *(.rela.fini)

.rel.rodata
 *(.rel.rodata)
 *(.rel.rodata.*)
 *(.rel.gnu.linkonce.r*)

.rela.rodata
 *(.rela.rodata)
 *(.rela.rodata.*)
 *(.rela.gnu.linkonce.r*)

.rel.data
 *(.rel.data)
 *(.rel.data.*)
 *(.rel.gnu.linkonce.d*)

.rela.data
 *(.rela.data)
 *(.rela.data.*)
 *(.rela.gnu.linkonce.d*)

.rel.ctors
 *(.rel.ctors)

.rela.ctors
 *(.rela.ctors)

.rel.dtors
 *(.rel.dtors)

.rela.dtors
 *(.rela.dtors)

.rel.got
 *(.rel.got)

.rela.got
 *(.rela.got)

.rel.bss
 *(.rel.bss)

.rela.bss
 *(.rela.bss)

.rel.plt
 *(.rel.plt)

.rela.plt
 *(.rela.plt)

.text           0x00000000     0x19da
 *(.vectors)
 .vectors       0x00000000       0x54 d:/imt_sdk_win_64/winavr/bin/../lib/gcc/avr/4.3.3/../../../../avr/lib/avr5/crtm32.o
                0x00000000                __vectors
                0x00000000                __vector_default
 *(.vectors)
 *(.progmem.gcc*)
 *(.progmem*)
                0x00000054                . = ALIGN (0x2)
                0x00000054                __trampolines_start = .
 *(.trampolines)
 .trampolines   0x00000054        0x0 linker stubs
 *(.trampolines*)
                0x00000054                __trampolines_end = .
 *(.jumptables)
 *(.jumptables*)
 *(.lowtext)
 *(.lowtext*)
                0x00000054                __ctors_start = .
 *(.ctors)
                0x00000054                __ctors_end = .
                0x00000054                __dtors_start = .
 *(.dtors)
                0x00000054                __dtors_end = .
 SORT(*)(.ctors)
 SORT(*)(.dtors)
 *(.init0)
 .init0         0x00000054        0x0 d:/imt_sdk_win_64/winavr/bin/../lib/gcc/avr/4.3.3/../../../../avr/lib/avr5/crtm32.o
                0x00000054                __init
 *(.init0)
 *(.init1)
 *(.init1)
 *(.init2)
 .init2         0x00000054        0xc d:/imt_sdk_win_64/winavr/bin/../lib/gcc/avr/4.3.3/../../../../avr/lib/avr5/crtm32.o
 *(.init2)
 *(.init3)
 *(.init3)
 *(.init4)
 .init4         0x00000060       0x16 d:/imt_sdk_win_64/winavr/bin/../lib/gcc/avr/4.3.3/avr5\libgcc.a(_copy_data.o)
                0x00000060                __do_copy_data
 *(.init4)
 *(.init5)
 *(.init5)
 *(.init6)
 *(.init6)
 *(.init7)
 *(.init7)
 *(.init8)
 *(.init8)
 *(.init9)
 .init9         0x00000076        0x8 d:/imt_sdk_win_64/winavr/bin/../lib/gcc/avr/4.3.3/../../../../avr/lib/avr5/crtm32.o
 *(.init9)
 *(.text)
 .text          0x0000007e        0x4 d:/imt_sdk_win_64/winavr/bin/../lib/gcc/avr/4.3.3/../../../../avr/lib/avr5/crtm32.o
                0x0000007e                __vector_1
                0x0000007e                __vector_12
                0x0000007e                __bad_interrupt
                0x0000007e                __vector_6
                0x0000007e                __vector_3
                0x0000007e                __vector_11
                0x0000007e                __vector_13
                0x0000007e                __vector_17
                0x0000007e                __vector_19
                0x0000007e                __vector_7
                0x0000007e                __vector_5
                0x0000007e                __vector_4
                0x0000007e                __vector_9
                0x0000007e                __vector_2
                0x0000007e                __vector_15
                0x0000007e                __vector_8
                0x0000007e                __vector_14
                0x0000007e                __vector_10
                0x0000007e                __vector_16
                0x0000007e                __vector_18
                0x0000007e                __vector_20
 .text          0x00000082        0x0 ./MCAL/GIE/GIE_prog.o
 .text          0x00000082        0x0 ./MCAL/DIO/DIO.o
 .text          0x00000082        0x0 ./HAL/Stepper/STPR.o
 .text          0x00000082        0x0 ./HAL/SEVEN_SEGMENT/SEV.o
 .text          0x00000082        0x0 ./HAL/SEVEN_SEGMENT/SEV_cfg.o
 .text          0x00000082        0x0 ./APP/Test.o
 .text          0x00000082        0x0 ./APP/TestStepper.o
 .text          0x00000082        0x0 d:/imt_sdk_win_64/winavr/bin/../lib/gcc/avr/4.3.3/avr5\libgcc.a(_udivmodqi4.o)
 .text          0x00000082        0x0 d:/imt_sdk_win_64/winavr/bin/../lib/gcc/avr/4.3.3/avr5\libgcc.a(_exit.o)
 .text          0x00000082        0x0 d:/imt_sdk_win_64/winavr/bin/../lib/gcc/avr/4.3.3/avr5\libgcc.a(_copy_data.o)
                0x00000082                . = ALIGN (0x2)
 *(.text.*)
 .text.GIE_Enable
                0x00000082       0x1c ./MCAL/GIE/GIE_prog.o
                0x00000082                GIE_Enable
 .text.GIE_Disable
                0x0000009e       0x1c ./MCAL/GIE/GIE_prog.o
                0x0000009e                GIE_Disable
 .text.DIO_voidInit
                0x000000ba       0x2e ./MCAL/DIO/DIO.o
                0x000000ba                DIO_voidInit
 .text.DIO_InitCertainPort
                0x000000e8       0x6a ./MCAL/DIO/DIO.o
                0x000000e8                DIO_InitCertainPort
 .text.DIO_enuWritePin
                0x00000152      0x26c ./MCAL/DIO/DIO.o
                0x00000152                DIO_enuWritePin
 .text.DIO_enuReadPin
                0x000003be      0x114 ./MCAL/DIO/DIO.o
                0x000003be                DIO_enuReadPin
 .text.DIO_enuStatePullup
                0x000004d2       0x20 ./MCAL/DIO/DIO.o
                0x000004d2                DIO_enuStatePullup
 .text.DIO_enuWriteGroup
                0x000004f2       0x7a ./MCAL/DIO/DIO.o
                0x000004f2                DIO_enuWriteGroup
 .text.STPR_FullStep_Right
                0x0000056c      0x250 ./HAL/Stepper/STPR.o
                0x0000056c                STPR_FullStep_Right
 .text.STPR_FullStep_Left
                0x000007bc      0x276 ./HAL/Stepper/STPR.o
                0x000007bc                STPR_FullStep_Left
 .text.STPR_HalfStep_Right
                0x00000a32      0x5c0 ./HAL/Stepper/STPR.o
                0x00000a32                STPR_HalfStep_Right
 .text.STPR_HalfStep_Left
                0x00000ff2      0x4fa ./HAL/Stepper/STPR.o
                0x00000ff2                STPR_HalfStep_Left
 .text.STPR_Stop
                0x000014ec       0x50 ./HAL/Stepper/STPR.o
                0x000014ec                STPR_Stop
 .text.Sev_Display
                0x0000153c       0xde ./HAL/SEVEN_SEGMENT/SEV.o
                0x0000153c                Sev_Display
 .text.PutOnBus
                0x0000161a       0x94 ./HAL/SEVEN_SEGMENT/SEV.o
 .text.Sev_PowerOn
                0x000016ae       0x9c ./HAL/SEVEN_SEGMENT/SEV.o
                0x000016ae                Sev_PowerOn
 .text.Sev_PowerOff
                0x0000174a       0x9c ./HAL/SEVEN_SEGMENT/SEV.o
                0x0000174a                Sev_PowerOff
 .text.RunCountdown
                0x000017e6      0x16a ./APP/Test.o
                0x000017e6                RunCountdown
 .text.main     0x00001950       0x6e ./APP/Test.o
                0x00001950                main
 .text.libgcc   0x000019be       0x18 d:/imt_sdk_win_64/winavr/bin/../lib/gcc/avr/4.3.3/avr5\libgcc.a(_udivmodqi4.o)
                0x000019be                __udivmodqi4
 .text.libgcc   0x000019d6        0x0 d:/imt_sdk_win_64/winavr/bin/../lib/gcc/avr/4.3.3/avr5\libgcc.a(_exit.o)
 .text.libgcc   0x000019d6        0x0 d:/imt_sdk_win_64/winavr/bin/../lib/gcc/avr/4.3.3/avr5\libgcc.a(_copy_data.o)
                0x000019d6                . = ALIGN (0x2)
 *(.fini9)
 .fini9         0x000019d6        0x0 d:/imt_sdk_win_64/winavr/bin/../lib/gcc/avr/4.3.3/avr5\libgcc.a(_exit.o)
                0x000019d6                exit
                0x000019d6                _exit
 *(.fini9)
 *(.fini8)
 *(.fini8)
 *(.fini7)
 *(.fini7)
 *(.fini6)
 *(.fini6)
 *(.fini5)
 *(.fini5)
 *(.fini4)
 *(.fini4)
 *(.fini3)
 *(.fini3)
 *(.fini2)
 *(.fini2)
 *(.fini1)
 *(.fini1)
 *(.fini0)
 .fini0         0x000019d6        0x4 d:/imt_sdk_win_64/winavr/bin/../lib/gcc/avr/4.3.3/avr5\libgcc.a(_exit.o)
 *(.fini0)
                0x000019da                _etext = .

.data           0x00800060       0x1c load address 0x000019da
                0x00800060                PROVIDE (__data_start, .)
 *(.data)
 .data          0x00800060        0x0 d:/imt_sdk_win_64/winavr/bin/../lib/gcc/avr/4.3.3/../../../../avr/lib/avr5/crtm32.o
 .data          0x00800060        0x0 ./MCAL/GIE/GIE_prog.o
 .data          0x00800060        0x0 ./MCAL/DIO/DIO.o
 .data          0x00800060        0x0 ./HAL/Stepper/STPR.o
 .data          0x00800060        0x0 ./HAL/SEVEN_SEGMENT/SEV.o
 .data          0x00800060        0x0 ./HAL/SEVEN_SEGMENT/SEV_cfg.o
 .data          0x00800060        0x0 ./APP/Test.o
 .data          0x00800060        0x0 ./APP/TestStepper.o
 .data          0x00800060        0x0 d:/imt_sdk_win_64/winavr/bin/../lib/gcc/avr/4.3.3/avr5\libgcc.a(_udivmodqi4.o)
 .data          0x00800060        0x0 d:/imt_sdk_win_64/winavr/bin/../lib/gcc/avr/4.3.3/avr5\libgcc.a(_exit.o)
 .data          0x00800060        0x0 d:/imt_sdk_win_64/winavr/bin/../lib/gcc/avr/4.3.3/avr5\libgcc.a(_copy_data.o)
 *(.data*)
 .data.SEV_ConfigSet
                0x00800060       0x12 ./HAL/SEVEN_SEGMENT/SEV_cfg.o
                0x00800060                SEV_ConfigSet
 *(.rodata)
 *(.rodata*)
 .rodata.C.0.1420
                0x00800072        0xa ./HAL/SEVEN_SEGMENT/SEV.o
 *(.gnu.linkonce.d*)
                0x0080007c                . = ALIGN (0x2)
                0x0080007c                _edata = .
                0x0080007c                PROVIDE (__data_end, .)

.bss            0x0080007c        0x0
                0x0080007c                PROVIDE (__bss_start, .)
 *(.bss)
 .bss           0x0080007c        0x0 d:/imt_sdk_win_64/winavr/bin/../lib/gcc/avr/4.3.3/../../../../avr/lib/avr5/crtm32.o
 .bss           0x0080007c        0x0 ./MCAL/GIE/GIE_prog.o
 .bss           0x0080007c        0x0 ./MCAL/DIO/DIO.o
 .bss           0x0080007c        0x0 ./HAL/Stepper/STPR.o
 .bss           0x0080007c        0x0 ./HAL/SEVEN_SEGMENT/SEV.o
 .bss           0x0080007c        0x0 ./HAL/SEVEN_SEGMENT/SEV_cfg.o
 .bss           0x0080007c        0x0 ./APP/Test.o
 .bss           0x0080007c        0x0 ./APP/TestStepper.o
 .bss           0x0080007c        0x0 d:/imt_sdk_win_64/winavr/bin/../lib/gcc/avr/4.3.3/avr5\libgcc.a(_udivmodqi4.o)
 .bss           0x0080007c        0x0 d:/imt_sdk_win_64/winavr/bin/../lib/gcc/avr/4.3.3/avr5\libgcc.a(_exit.o)
 .bss           0x0080007c        0x0 d:/imt_sdk_win_64/winavr/bin/../lib/gcc/avr/4.3.3/avr5\libgcc.a(_copy_data.o)
 *(.bss*)
 *(COMMON)
                0x0080007c                PROVIDE (__bss_end, .)
                0x000019da                __data_load_start = LOADADDR (.data)
                0x000019f6                __data_load_end = (__data_load_start + SIZEOF (.data))

.noinit         0x0080007c        0x0
                0x0080007c                PROVIDE (__noinit_start, .)
 *(.noinit*)
                0x0080007c                PROVIDE (__noinit_end, .)
                0x0080007c                _end = .
                0x0080007c                PROVIDE (__heap_start, .)

.eeprom         0x00810000        0x0
 *(.eeprom*)
                0x00810000                __eeprom_end = .

.fuse
 *(.fuse)
 *(.lfuse)
 *(.hfuse)
 *(.efuse)

.lock
 *(.lock*)

.signature
 *(.signature*)

.stab           0x00000000     0x2304
 *(.stab)
 .stab          0x00000000      0x3fc ./MCAL/GIE/GIE_prog.o
 .stab          0x000003fc      0x618 ./MCAL/DIO/DIO.o
                                0x7f8 (size before relaxing)
 .stab          0x00000a14      0xe28 ./HAL/Stepper/STPR.o
                               0x1008 (size before relaxing)
 .stab          0x0000183c      0x4a4 ./HAL/SEVEN_SEGMENT/SEV.o
                                0x684 (size before relaxing)
 .stab          0x00001ce0      0x138 ./HAL/SEVEN_SEGMENT/SEV_cfg.o
                                0x3cc (size before relaxing)
 .stab          0x00001e18      0x414 ./APP/Test.o
                                0x5f4 (size before relaxing)
 .stab          0x0000222c       0xd8 ./APP/TestStepper.o
                                 0xe4 (size before relaxing)

.stabstr        0x00000000      0xf0c
 *(.stabstr)
 .stabstr       0x00000000      0xf0c ./MCAL/GIE/GIE_prog.o

.stab.excl
 *(.stab.excl)

.stab.exclstr
 *(.stab.exclstr)

.stab.index
 *(.stab.index)

.stab.indexstr
 *(.stab.indexstr)

.comment
 *(.comment)

.debug
 *(.debug)

.line
 *(.line)

.debug_srcinfo
 *(.debug_srcinfo)

.debug_sfnames
 *(.debug_sfnames)

.debug_aranges
 *(.debug_aranges)

.debug_pubnames
 *(.debug_pubnames)

.debug_info
 *(.debug_info)
 *(.gnu.linkonce.wi.*)

.debug_abbrev
 *(.debug_abbrev)

.debug_line
 *(.debug_line)

.debug_frame
 *(.debug_frame)

.debug_str
 *(.debug_str)

.debug_loc
 *(.debug_loc)

.debug_macinfo
 *(.debug_macinfo)
OUTPUT(AVR_DRIVERS.elf elf32-avr)
LOAD linker stubs
